[     888ms] [WARNING] VIDEOJS: WARN: A plugin named "reloadSourceOnError" already exists. You may want to avoid re-registering plugins! @ https://www.demoblaze.com/node_modules/video.js/dist/video.min.js:11
[     920ms] [VERBOSE] [DOM] Input elements should have autocomplete attributes (suggested: "current-password"): (More info: https://goo.gl/9p2vKq) %o @ https://www.demoblaze.com/:0
[     920ms] [VERBOSE] [DOM] Input elements should have autocomplete attributes (suggested: "current-password"): (More info: https://goo.gl/9p2vKq) %o @ https://www.demoblaze.com/:0
[   10277ms] [WARNING] VIDEOJS: WARN: A plugin named "reloadSourceOnError" already exists. You may want to avoid re-registering plugins! @ https://www.demoblaze.com/node_modules/video.js/dist/video.min.js:11
[   10292ms] [VERBOSE] [DOM] Input elements should have autocomplete attributes (suggested: "current-password"): (More info: https://goo.gl/9p2vKq) %o @ https://www.demoblaze.com/:0
[   10292ms] [VERBOSE] [DOM] Input elements should have autocomplete attributes (suggested: "current-password"): (More info: https://goo.gl/9p2vKq) %o @ https://www.demoblaze.com/:0
[   11200ms] [WARNING] VIDEOJS: WARN: A plugin named "reloadSourceOnError" already exists. You may want to avoid re-registering plugins! @ https://www.demoblaze.com/node_modules/video.js/dist/video.min.js:11
[   11207ms] [VERBOSE] [DOM] Input elements should have autocomplete attributes (suggested: "current-password"): (More info: https://goo.gl/9p2vKq) %o @ https://www.demoblaze.com/prod.html?idp_=1:0
[   11207ms] [VERBOSE] [DOM] Input elements should have autocomplete attributes (suggested: "current-password"): (More info: https://goo.gl/9p2vKq) %o @ https://www.demoblaze.com/prod.html?idp_=1:0
[   12737ms] [WARNING] VIDEOJS: WARN: A plugin named "reloadSourceOnError" already exists. You may want to avoid re-registering plugins! @ https://www.demoblaze.com/node_modules/video.js/dist/video.min.js:11
[   12945ms] [VERBOSE] [DOM] Input elements should have autocomplete attributes (suggested: "current-password"): (More info: https://goo.gl/9p2vKq) %o @ https://www.demoblaze.com/:0
[   12946ms] [VERBOSE] [DOM] Input elements should have autocomplete attributes (suggested: "current-password"): (More info: https://goo.gl/9p2vKq) %o @ https://www.demoblaze.com/:0
[   13705ms] [WARNING] VIDEOJS: WARN: A plugin named "reloadSourceOnError" already exists. You may want to avoid re-registering plugins! @ https://www.demoblaze.com/node_modules/video.js/dist/video.min.js:11
[   13709ms] [VERBOSE] [DOM] Input elements should have autocomplete attributes (suggested: "current-password"): (More info: https://goo.gl/9p2vKq) %o @ https://www.demoblaze.com/prod.html?idp_=2:0
[   13709ms] [VERBOSE] [DOM] Input elements should have autocomplete attributes (suggested: "current-password"): (More info: https://goo.gl/9p2vKq) %o @ https://www.demoblaze.com/prod.html?idp_=2:0
[   14479ms] [WARNING] VIDEOJS: WARN: A plugin named "reloadSourceOnError" already exists. You may want to avoid re-registering plugins! @ https://www.demoblaze.com/node_modules/video.js/dist/video.min.js:11
[   14483ms] [VERBOSE] [DOM] Input elements should have autocomplete attributes (suggested: "current-password"): (More info: https://goo.gl/9p2vKq) %o @ https://www.demoblaze.com/:0
[   14483ms] [VERBOSE] [DOM] Input elements should have autocomplete attributes (suggested: "current-password"): (More info: https://goo.gl/9p2vKq) %o @ https://www.demoblaze.com/:0
[   15224ms] [WARNING] VIDEOJS: WARN: A plugin named "reloadSourceOnError" already exists. You may want to avoid re-registering plugins! @ https://www.demoblaze.com/node_modules/video.js/dist/video.min.js:11
[   15229ms] [VERBOSE] [DOM] Input elements should have autocomplete attributes (suggested: "current-password"): (More info: https://goo.gl/9p2vKq) %o @ https://www.demoblaze.com/prod.html?idp_=8:0
[   15229ms] [VERBOSE] [DOM] Input elements should have autocomplete attributes (suggested: "current-password"): (More info: https://goo.gl/9p2vKq) %o @ https://www.demoblaze.com/prod.html?idp_=8:0
[   16024ms] [WARNING] VIDEOJS: WARN: A plugin named "reloadSourceOnError" already exists. You may want to avoid re-registering plugins! @ https://www.demoblaze.com/node_modules/video.js/dist/video.min.js:11
[   16029ms] [VERBOSE] [DOM] Input elements should have autocomplete attributes (suggested: "current-password"): (More info: https://goo.gl/9p2vKq) %o @ https://www.demoblaze.com/:0
[   16029ms] [VERBOSE] [DOM] Input elements should have autocomplete attributes (suggested: "current-password"): (More info: https://goo.gl/9p2vKq) %o @ https://www.demoblaze.com/:0
[   17304ms] [WARNING] VIDEOJS: WARN: A plugin named "reloadSourceOnError" already exists. You may want to avoid re-registering plugins! @ https://www.demoblaze.com/node_modules/video.js/dist/video.min.js:11
[   17307ms] [VERBOSE] [DOM] Input elements should have autocomplete attributes (suggested: "current-password"): (More info: https://goo.gl/9p2vKq) %o @ https://www.demoblaze.com/prod.html?idp_=11:0
[   17307ms] [VERBOSE] [DOM] Input elements should have autocomplete attributes (suggested: "current-password"): (More info: https://goo.gl/9p2vKq) %o @ https://www.demoblaze.com/prod.html?idp_=11:0
[   18783ms] [WARNING] VIDEOJS: WARN: A plugin named "reloadSourceOnError" already exists. You may want to avoid re-registering plugins! @ https://www.demoblaze.com/node_modules/video.js/dist/video.min.js:11
[   18788ms] [VERBOSE] [DOM] Input elements should have autocomplete attributes (suggested: "current-password"): (More info: https://goo.gl/9p2vKq) %o @ https://www.demoblaze.com/:0
[   18788ms] [VERBOSE] [DOM] Input elements should have autocomplete attributes (suggested: "current-password"): (More info: https://goo.gl/9p2vKq) %o @ https://www.demoblaze.com/:0
[   19536ms] [WARNING] VIDEOJS: WARN: A plugin named "reloadSourceOnError" already exists. You may want to avoid re-registering plugins! @ https://www.demoblaze.com/node_modules/video.js/dist/video.min.js:11
[   19539ms] [VERBOSE] [DOM] Input elements should have autocomplete attributes (suggested: "current-password"): (More info: https://goo.gl/9p2vKq) %o @ https://www.demoblaze.com/prod.html?idp_=10:0
[   19540ms] [VERBOSE] [DOM] Input elements should have autocomplete attributes (suggested: "current-password"): (More info: https://goo.gl/9p2vKq) %o @ https://www.demoblaze.com/prod.html?idp_=10:0
[   20770ms] [WARNING] VIDEOJS: WARN: A plugin named "reloadSourceOnError" already exists. You may want to avoid re-registering plugins! @ https://www.demoblaze.com/node_modules/video.js/dist/video.min.js:11
[   20778ms] [VERBOSE] [DOM] Input elements should have autocomplete attributes (suggested: "current-password"): (More info: https://goo.gl/9p2vKq) %o @ https://www.demoblaze.com/cart.html:0
[   20778ms] [VERBOSE] [DOM] Input elements should have autocomplete attributes (suggested: "current-password"): (More info: https://goo.gl/9p2vKq) %o @ https://www.demoblaze.com/cart.html:0
